Classic Timing Analyzer report for CPPC
Tue May 22 15:01:30 2018
Quartus II Version 8.1 Build 163 10/28/2008 SJ Web Edition


---------------------
; Table of Contents ;
---------------------
  1. Legal Notice
  2. Timing Analyzer Summary
  3. Timing Analyzer Settings
  4. tpd
  5. Timing Analyzer Messages



----------------
; Legal Notice ;
----------------
Copyright (C) 1991-2008 Altera Corporation
Your use of Altera Corporation's design tools, logic functions 
and other software and tools, and its AMPP partner logic 
functions, and any output files from any of the foregoing 
(including device programming or simulation files), and any 
associated documentation or information are expressly subject 
to the terms and conditions of the Altera Program License 
Subscription Agreement, Altera MegaCore Function License 
Agreement, or other applicable license agreement, including, 
without limitation, that your use is for the sole purpose of 
programming logic devices manufactured by Altera and sold by 
Altera or its authorized distributors.  Please refer to the 
applicable agreement for further details.



+-------------------------------------------------------------------------------------------------------------------------+
; Timing Analyzer Summary                                                                                                 ;
+------------------------------+-------+---------------+-------------+------+------+------------+----------+--------------+
; Type                         ; Slack ; Required Time ; Actual Time ; From ; To   ; From Clock ; To Clock ; Failed Paths ;
+------------------------------+-------+---------------+-------------+------+------+------------+----------+--------------+
; Worst-case tpd               ; N/A   ; None          ; 12.843 ns   ; B1   ; CPPC ; --         ; --       ; 0            ;
; Total number of failed paths ;       ;               ;             ;      ;      ;            ;          ; 0            ;
+------------------------------+-------+---------------+-------------+------+------+------------+----------+--------------+


+--------------------------------------------------------------------------------------------------------------------+
; Timing Analyzer Settings                                                                                           ;
+---------------------------------------------------------------------+--------------------+------+----+-------------+
; Option                                                              ; Setting            ; From ; To ; Entity Name ;
+---------------------------------------------------------------------+--------------------+------+----+-------------+
; Device Name                                                         ; EP2C8Q208C7        ;      ;    ;             ;
; Timing Models                                                       ; Final              ;      ;    ;             ;
; Default hold multicycle                                             ; Same as Multicycle ;      ;    ;             ;
; Cut paths between unrelated clock domains                           ; On                 ;      ;    ;             ;
; Cut off read during write signal paths                              ; On                 ;      ;    ;             ;
; Cut off feedback from I/O pins                                      ; On                 ;      ;    ;             ;
; Report Combined Fast/Slow Timing                                    ; Off                ;      ;    ;             ;
; Ignore Clock Settings                                               ; Off                ;      ;    ;             ;
; Analyze latches as synchronous elements                             ; On                 ;      ;    ;             ;
; Enable Recovery/Removal analysis                                    ; Off                ;      ;    ;             ;
; Enable Clock Latency                                                ; Off                ;      ;    ;             ;
; Use TimeQuest Timing Analyzer                                       ; Off                ;      ;    ;             ;
; Minimum Core Junction Temperature                                   ; 0                  ;      ;    ;             ;
; Maximum Core Junction Temperature                                   ; 85                 ;      ;    ;             ;
; Number of source nodes to report per destination node               ; 10                 ;      ;    ;             ;
; Number of destination nodes to report                               ; 10                 ;      ;    ;             ;
; Number of paths to report                                           ; 200                ;      ;    ;             ;
; Report Minimum Timing Checks                                        ; Off                ;      ;    ;             ;
; Use Fast Timing Models                                              ; Off                ;      ;    ;             ;
; Report IO Paths Separately                                          ; Off                ;      ;    ;             ;
; Perform Multicorner Analysis                                        ; On                 ;      ;    ;             ;
; Reports the worst-case path for each clock domain and analysis      ; Off                ;      ;    ;             ;
; Removes common clock path pessimism (CCPP) during slack computation ; Off                ;      ;    ;             ;
; Output I/O Timing Endpoint                                          ; Near End           ;      ;    ;             ;
+---------------------------------------------------------------------+--------------------+------+----+-------------+


+------------------------------------------------------------+
; tpd                                                        ;
+-------+-------------------+-----------------+-------+------+
; Slack ; Required P2P Time ; Actual P2P Time ; From  ; To   ;
+-------+-------------------+-----------------+-------+------+
; N/A   ; None              ; 12.843 ns       ; B1    ; CPPC ;
; N/A   ; None              ; 12.545 ns       ; STOR4 ; CPPC ;
; N/A   ; None              ; 12.028 ns       ; B0    ; CPPC ;
; N/A   ; None              ; 11.869 ns       ; LOAD6 ; CPPC ;
; N/A   ; None              ; 11.747 ns       ; T1    ; CPPC ;
; N/A   ; None              ; 11.524 ns       ; T3    ; CPPC ;
; N/A   ; None              ; 11.155 ns       ; T2    ; CPPC ;
; N/A   ; None              ; 10.804 ns       ; W1    ; CPPC ;
; N/A   ; None              ; 10.407 ns       ; W2    ; CPPC ;
; N/A   ; None              ; 10.342 ns       ; P     ; CPPC ;
; N/A   ; None              ; 7.259 ns        ; STOR5 ; CPPC ;
; N/A   ; None              ; 7.216 ns        ; LOAD5 ; CPPC ;
; N/A   ; None              ; 6.924 ns        ; LOAD4 ; CPPC ;
; N/A   ; None              ; 6.879 ns        ; LOAD7 ; CPPC ;
+-------+-------------------+-----------------+-------+------+


+--------------------------+
; Timing Analyzer Messages ;
+--------------------------+
Info: *******************************************************************
Info: Running Quartus II Classic Timing Analyzer
    Info: Version 8.1 Build 163 10/28/2008 SJ Web Edition
    Info: Processing started: Tue May 22 15:01:30 2018
Info: Command: quartus_tan --read_settings_files=off --write_settings_files=off CPPC -c CPPC --timing_analysis_only
Info: Longest tpd from source pin "B1" to destination pin "CPPC" is 12.843 ns
    Info: 1: + IC(0.000 ns) + CELL(0.923 ns) = 0.923 ns; Loc. = PIN_67; Fanout = 2; PIN Node = 'B1'
    Info: 2: + IC(6.209 ns) + CELL(0.521 ns) = 7.653 ns; Loc. = LCCOMB_X1_Y9_N28; Fanout = 1; COMB Node = 'inst8~185'
    Info: 3: + IC(0.290 ns) + CELL(0.521 ns) = 8.464 ns; Loc. = LCCOMB_X1_Y9_N8; Fanout = 1; COMB Node = 'inst8~187'
    Info: 4: + IC(0.295 ns) + CELL(0.322 ns) = 9.081 ns; Loc. = LCCOMB_X1_Y9_N18; Fanout = 1; COMB Node = 'inst5~390'
    Info: 5: + IC(0.872 ns) + CELL(2.890 ns) = 12.843 ns; Loc. = PIN_35; Fanout = 0; PIN Node = 'CPPC'
    Info: Total cell delay = 5.177 ns ( 40.31 % )
    Info: Total interconnect delay = 7.666 ns ( 59.69 % )
Info: Quartus II Classic Timing Analyzer was successful. 0 errors, 0 warnings
    Info: Peak virtual memory: 176 megabytes
    Info: Processing ended: Tue May 22 15:01:30 2018
    Info: Elapsed time: 00:00:00
    Info: Total CPU time (on all processors): 00:00:00


