Classic Timing Analyzer report for 2C1
Thu May 17 16:37:52 2018
Quartus II Version 8.1 Build 163 10/28/2008 SJ Web Edition


---------------------
; Table of Contents ;
---------------------
  1. Legal Notice
  2. Timing Analyzer Summary
  3. Timing Analyzer Settings
  4. tpd
  5. Timing Analyzer Messages



----------------
; Legal Notice ;
----------------
Copyright (C) 1991-2008 Altera Corporation
Your use of Altera Corporation's design tools, logic functions 
and other software and tools, and its AMPP partner logic 
functions, and any output files from any of the foregoing 
(including device programming or simulation files), and any 
associated documentation or information are expressly subject 
to the terms and conditions of the Altera Program License 
Subscription Agreement, Altera MegaCore Function License 
Agreement, or other applicable license agreement, including, 
without limitation, that your use is for the sole purpose of 
programming logic devices manufactured by Altera and sold by 
Altera or its authorized distributors.  Please refer to the 
applicable agreement for further details.



+-----------------------------------------------------------------------------------------------------------------------+
; Timing Analyzer Summary                                                                                               ;
+------------------------------+-------+---------------+-------------+------+----+------------+----------+--------------+
; Type                         ; Slack ; Required Time ; Actual Time ; From ; To ; From Clock ; To Clock ; Failed Paths ;
+------------------------------+-------+---------------+-------------+------+----+------------+----------+--------------+
; Worst-case tpd               ; N/A   ; None          ; 11.751 ns   ; EN0  ; O2 ; --         ; --       ; 0            ;
; Total number of failed paths ;       ;               ;             ;      ;    ;            ;          ; 0            ;
+------------------------------+-------+---------------+-------------+------+----+------------+----------+--------------+


+--------------------------------------------------------------------------------------------------------------------+
; Timing Analyzer Settings                                                                                           ;
+---------------------------------------------------------------------+--------------------+------+----+-------------+
; Option                                                              ; Setting            ; From ; To ; Entity Name ;
+---------------------------------------------------------------------+--------------------+------+----+-------------+
; Device Name                                                         ; EP2C8Q208C7        ;      ;    ;             ;
; Timing Models                                                       ; Final              ;      ;    ;             ;
; Default hold multicycle                                             ; Same as Multicycle ;      ;    ;             ;
; Cut paths between unrelated clock domains                           ; On                 ;      ;    ;             ;
; Cut off read during write signal paths                              ; On                 ;      ;    ;             ;
; Cut off feedback from I/O pins                                      ; On                 ;      ;    ;             ;
; Report Combined Fast/Slow Timing                                    ; Off                ;      ;    ;             ;
; Ignore Clock Settings                                               ; Off                ;      ;    ;             ;
; Analyze latches as synchronous elements                             ; On                 ;      ;    ;             ;
; Enable Recovery/Removal analysis                                    ; Off                ;      ;    ;             ;
; Enable Clock Latency                                                ; Off                ;      ;    ;             ;
; Use TimeQuest Timing Analyzer                                       ; Off                ;      ;    ;             ;
; Minimum Core Junction Temperature                                   ; 0                  ;      ;    ;             ;
; Maximum Core Junction Temperature                                   ; 85                 ;      ;    ;             ;
; Number of source nodes to report per destination node               ; 10                 ;      ;    ;             ;
; Number of destination nodes to report                               ; 10                 ;      ;    ;             ;
; Number of paths to report                                           ; 200                ;      ;    ;             ;
; Report Minimum Timing Checks                                        ; Off                ;      ;    ;             ;
; Use Fast Timing Models                                              ; Off                ;      ;    ;             ;
; Report IO Paths Separately                                          ; Off                ;      ;    ;             ;
; Perform Multicorner Analysis                                        ; On                 ;      ;    ;             ;
; Reports the worst-case path for each clock domain and analysis      ; Off                ;      ;    ;             ;
; Removes common clock path pessimism (CCPP) during slack computation ; Off                ;      ;    ;             ;
; Output I/O Timing Endpoint                                          ; Near End           ;      ;    ;             ;
+---------------------------------------------------------------------+--------------------+------+----+-------------+


+---------------------------------------------------------+
; tpd                                                     ;
+-------+-------------------+-----------------+------+----+
; Slack ; Required P2P Time ; Actual P2P Time ; From ; To ;
+-------+-------------------+-----------------+------+----+
; N/A   ; None              ; 11.751 ns       ; EN0  ; O2 ;
; N/A   ; None              ; 11.503 ns       ; A2   ; O2 ;
; N/A   ; None              ; 11.419 ns       ; EN1  ; O2 ;
; N/A   ; None              ; 11.190 ns       ; EN0  ; O6 ;
; N/A   ; None              ; 11.155 ns       ; EN0  ; O5 ;
; N/A   ; None              ; 11.126 ns       ; EN1  ; O7 ;
; N/A   ; None              ; 11.098 ns       ; EN0  ; O8 ;
; N/A   ; None              ; 11.091 ns       ; EN1  ; O4 ;
; N/A   ; None              ; 11.071 ns       ; EN0  ; O7 ;
; N/A   ; None              ; 10.999 ns       ; B5   ; O5 ;
; N/A   ; None              ; 10.916 ns       ; B7   ; O7 ;
; N/A   ; None              ; 10.875 ns       ; A6   ; O6 ;
; N/A   ; None              ; 10.858 ns       ; A5   ; O5 ;
; N/A   ; None              ; 10.856 ns       ; EN1  ; O6 ;
; N/A   ; None              ; 10.839 ns       ; EN0  ; O3 ;
; N/A   ; None              ; 10.838 ns       ; EN0  ; O4 ;
; N/A   ; None              ; 10.828 ns       ; A1   ; O1 ;
; N/A   ; None              ; 10.802 ns       ; EN0  ; O1 ;
; N/A   ; None              ; 10.762 ns       ; B1   ; O1 ;
; N/A   ; None              ; 10.754 ns       ; EN1  ; O5 ;
; N/A   ; None              ; 10.742 ns       ; A8   ; O8 ;
; N/A   ; None              ; 10.703 ns       ; EN1  ; O3 ;
; N/A   ; None              ; 10.692 ns       ; EN1  ; O8 ;
; N/A   ; None              ; 10.657 ns       ; B8   ; O8 ;
; N/A   ; None              ; 10.643 ns       ; A7   ; O7 ;
; N/A   ; None              ; 10.632 ns       ; B4   ; O4 ;
; N/A   ; None              ; 10.615 ns       ; B6   ; O6 ;
; N/A   ; None              ; 10.399 ns       ; EN1  ; O1 ;
; N/A   ; None              ; 6.867 ns        ; B2   ; O2 ;
; N/A   ; None              ; 6.200 ns        ; A3   ; O3 ;
; N/A   ; None              ; 6.109 ns        ; A4   ; O4 ;
; N/A   ; None              ; 6.101 ns        ; B3   ; O3 ;
+-------+-------------------+-----------------+------+----+


+--------------------------+
; Timing Analyzer Messages ;
+--------------------------+
Info: *******************************************************************
Info: Running Quartus II Classic Timing Analyzer
    Info: Version 8.1 Build 163 10/28/2008 SJ Web Edition
    Info: Processing started: Thu May 17 16:37:52 2018
Info: Command: quartus_tan --read_settings_files=off --write_settings_files=off 2C1 -c 2C1 --timing_analysis_only
Info: Longest tpd from source pin "EN0" to destination pin "O2" is 11.751 ns
    Info: 1: + IC(0.000 ns) + CELL(0.914 ns) = 0.914 ns; Loc. = PIN_35; Fanout = 8; PIN Node = 'EN0'
    Info: 2: + IC(5.526 ns) + CELL(0.521 ns) = 6.961 ns; Loc. = LCCOMB_X1_Y9_N18; Fanout = 1; COMB Node = 'inst21'
    Info: 3: + IC(1.714 ns) + CELL(3.076 ns) = 11.751 ns; Loc. = PIN_61; Fanout = 0; PIN Node = 'O2'
    Info: Total cell delay = 4.511 ns ( 38.39 % )
    Info: Total interconnect delay = 7.240 ns ( 61.61 % )
Info: Quartus II Classic Timing Analyzer was successful. 0 errors, 0 warnings
    Info: Peak virtual memory: 177 megabytes
    Info: Processing ended: Thu May 17 16:37:52 2018
    Info: Elapsed time: 00:00:00
    Info: Total CPU time (on all processors): 00:00:00


