Classic Timing Analyzer report for MA
Tue May 22 13:27:50 2018
Quartus II Version 8.1 Build 163 10/28/2008 SJ Web Edition


---------------------
; Table of Contents ;
---------------------
  1. Legal Notice
  2. Timing Analyzer Summary
  3. Timing Analyzer Settings
  4. tpd
  5. Timing Analyzer Messages



----------------
; Legal Notice ;
----------------
Copyright (C) 1991-2008 Altera Corporation
Your use of Altera Corporation's design tools, logic functions 
and other software and tools, and its AMPP partner logic 
functions, and any output files from any of the foregoing 
(including device programming or simulation files), and any 
associated documentation or information are expressly subject 
to the terms and conditions of the Altera Program License 
Subscription Agreement, Altera MegaCore Function License 
Agreement, or other applicable license agreement, including, 
without limitation, that your use is for the sole purpose of 
programming logic devices manufactured by Altera and sold by 
Altera or its authorized distributors.  Please refer to the 
applicable agreement for further details.



+------------------------------------------------------------------------------------------------------------------------+
; Timing Analyzer Summary                                                                                                ;
+------------------------------+-------+---------------+-------------+-------+----+------------+----------+--------------+
; Type                         ; Slack ; Required Time ; Actual Time ; From  ; To ; From Clock ; To Clock ; Failed Paths ;
+------------------------------+-------+---------------+-------------+-------+----+------------+----------+--------------+
; Worst-case tpd               ; N/A   ; None          ; 12.898 ns   ; LOAD1 ; MA ; --         ; --       ; 0            ;
; Total number of failed paths ;       ;               ;             ;       ;    ;            ;          ; 0            ;
+------------------------------+-------+---------------+-------------+-------+----+------------+----------+--------------+


+--------------------------------------------------------------------------------------------------------------------+
; Timing Analyzer Settings                                                                                           ;
+---------------------------------------------------------------------+--------------------+------+----+-------------+
; Option                                                              ; Setting            ; From ; To ; Entity Name ;
+---------------------------------------------------------------------+--------------------+------+----+-------------+
; Device Name                                                         ; EP2C8Q208C7        ;      ;    ;             ;
; Timing Models                                                       ; Final              ;      ;    ;             ;
; Default hold multicycle                                             ; Same as Multicycle ;      ;    ;             ;
; Cut paths between unrelated clock domains                           ; On                 ;      ;    ;             ;
; Cut off read during write signal paths                              ; On                 ;      ;    ;             ;
; Cut off feedback from I/O pins                                      ; On                 ;      ;    ;             ;
; Report Combined Fast/Slow Timing                                    ; Off                ;      ;    ;             ;
; Ignore Clock Settings                                               ; Off                ;      ;    ;             ;
; Analyze latches as synchronous elements                             ; On                 ;      ;    ;             ;
; Enable Recovery/Removal analysis                                    ; Off                ;      ;    ;             ;
; Enable Clock Latency                                                ; Off                ;      ;    ;             ;
; Use TimeQuest Timing Analyzer                                       ; Off                ;      ;    ;             ;
; Minimum Core Junction Temperature                                   ; 0                  ;      ;    ;             ;
; Maximum Core Junction Temperature                                   ; 85                 ;      ;    ;             ;
; Number of source nodes to report per destination node               ; 10                 ;      ;    ;             ;
; Number of destination nodes to report                               ; 10                 ;      ;    ;             ;
; Number of paths to report                                           ; 200                ;      ;    ;             ;
; Report Minimum Timing Checks                                        ; Off                ;      ;    ;             ;
; Use Fast Timing Models                                              ; Off                ;      ;    ;             ;
; Report IO Paths Separately                                          ; Off                ;      ;    ;             ;
; Perform Multicorner Analysis                                        ; On                 ;      ;    ;             ;
; Reports the worst-case path for each clock domain and analysis      ; Off                ;      ;    ;             ;
; Removes common clock path pessimism (CCPP) during slack computation ; Off                ;      ;    ;             ;
; Output I/O Timing Endpoint                                          ; Near End           ;      ;    ;             ;
+---------------------------------------------------------------------+--------------------+------+----+-------------+


+----------------------------------------------------------+
; tpd                                                      ;
+-------+-------------------+-----------------+-------+----+
; Slack ; Required P2P Time ; Actual P2P Time ; From  ; To ;
+-------+-------------------+-----------------+-------+----+
; N/A   ; None              ; 12.898 ns       ; LOAD1 ; MA ;
; N/A   ; None              ; 12.615 ns       ; LOAD3 ; MA ;
; N/A   ; None              ; 12.607 ns       ; LOAD2 ; MA ;
; N/A   ; None              ; 12.503 ns       ; W1    ; MA ;
; N/A   ; None              ; 12.389 ns       ; LOAD6 ; MA ;
; N/A   ; None              ; 12.362 ns       ; T4    ; MA ;
; N/A   ; None              ; 12.095 ns       ; T3    ; MA ;
; N/A   ; None              ; 12.070 ns       ; LOAD7 ; MA ;
; N/A   ; None              ; 11.943 ns       ; W2    ; MA ;
; N/A   ; None              ; 11.724 ns       ; T2    ; MA ;
; N/A   ; None              ; 11.629 ns       ; B1    ; MA ;
; N/A   ; None              ; 11.514 ns       ; LOAD5 ; MA ;
; N/A   ; None              ; 8.374 ns        ; LOAD0 ; MA ;
; N/A   ; None              ; 8.126 ns        ; STOR4 ; MA ;
; N/A   ; None              ; 8.084 ns        ; LOAD4 ; MA ;
; N/A   ; None              ; 7.690 ns        ; STOR5 ; MA ;
+-------+-------------------+-----------------+-------+----+


+--------------------------+
; Timing Analyzer Messages ;
+--------------------------+
Info: *******************************************************************
Info: Running Quartus II Classic Timing Analyzer
    Info: Version 8.1 Build 163 10/28/2008 SJ Web Edition
    Info: Processing started: Tue May 22 13:27:50 2018
Info: Command: quartus_tan --read_settings_files=off --write_settings_files=off MA -c MA --timing_analysis_only
Info: Longest tpd from source pin "LOAD1" to destination pin "MA" is 12.898 ns
    Info: 1: + IC(0.000 ns) + CELL(0.933 ns) = 0.933 ns; Loc. = PIN_60; Fanout = 1; PIN Node = 'LOAD1'
    Info: 2: + IC(5.839 ns) + CELL(0.178 ns) = 6.950 ns; Loc. = LCCOMB_X1_Y5_N2; Fanout = 1; COMB Node = 'inst8~562'
    Info: 3: + IC(0.291 ns) + CELL(0.178 ns) = 7.419 ns; Loc. = LCCOMB_X1_Y5_N12; Fanout = 1; COMB Node = 'inst8~563'
    Info: 4: + IC(0.313 ns) + CELL(0.545 ns) = 8.277 ns; Loc. = LCCOMB_X1_Y5_N28; Fanout = 1; COMB Node = 'inst8~567'
    Info: 5: + IC(1.731 ns) + CELL(2.890 ns) = 12.898 ns; Loc. = PIN_11; Fanout = 0; PIN Node = 'MA'
    Info: Total cell delay = 4.724 ns ( 36.63 % )
    Info: Total interconnect delay = 8.174 ns ( 63.37 % )
Info: Quartus II Classic Timing Analyzer was successful. 0 errors, 0 warnings
    Info: Peak virtual memory: 176 megabytes
    Info: Processing ended: Tue May 22 13:27:50 2018
    Info: Elapsed time: 00:00:00
    Info: Total CPU time (on all processors): 00:00:00


